#-----------------------------------------------------------
# Vivado v2023.1 (64-bit)
# SW Build 3865809 on Sun May  7 15:05:29 MDT 2023
# IP Build 3864474 on Sun May  7 20:36:21 MDT 2023
# SharedData Build 3865790 on Sun May 07 13:33:03 MDT 2023
# Start of session at: Fri Jan 19 20:46:37 2024
# Process ID: 1976
# Current directory: C:/Users/G731/OneDrive/Escritorio/Universidad/CUARTO/1er CUATRI/SED/project_3/project_3.runs/impl_1
# Command line: vivado.exe -log TOP_LAVADORA.vdi -applog -product Vivado -messageDb vivado.pb -mode batch -source TOP_LAVADORA.tcl -notrace
# Log file: C:/Users/G731/OneDrive/Escritorio/Universidad/CUARTO/1er CUATRI/SED/project_3/project_3.runs/impl_1/TOP_LAVADORA.vdi
# Journal file: C:/Users/G731/OneDrive/Escritorio/Universidad/CUARTO/1er CUATRI/SED/project_3/project_3.runs/impl_1\vivado.jou
# Running On: LAPTOP-M2QP75QN, OS: Windows, CPU Frequency: 2592 MHz, CPU Physical cores: 6, Host memory: 17023 MB
#-----------------------------------------------------------
source TOP_LAVADORA.tcl -notrace
